Archive member included to satisfy reference by file (symbol)

/usr/lib/x86_64-linux-gnu/libc_nonshared.a(elf-init.oS)
                              /usr/lib/gcc/x86_64-linux-gnu/5/../../../x86_64-linux-gnu/crt1.o (__libc_csu_init)

Allocating common symbols
Common symbol       size              file

statistics          0x10              main.o
transmit_buffer     0x8               main.o
recieve_buffer      0x8               main.o

Discarded input sections

 .note.GNU-stack
                0x0000000000000000        0x0 /usr/lib/gcc/x86_64-linux-gnu/5/../../../x86_64-linux-gnu/crt1.o
 .note.GNU-stack
                0x0000000000000000        0x0 /usr/lib/gcc/x86_64-linux-gnu/5/../../../x86_64-linux-gnu/crti.o
 .note.GNU-stack
                0x0000000000000000        0x0 /usr/lib/gcc/x86_64-linux-gnu/5/crtbegin.o
 .note.GNU-stack
                0x0000000000000000        0x0 main.o
 .note.GNU-stack
                0x0000000000000000        0x0 conversion.o
 .note.GNU-stack
                0x0000000000000000        0x0 memory.o
 .note.GNU-stack
                0x0000000000000000        0x0 data.o
 .note.GNU-stack
                0x0000000000000000        0x0 debug.o
 .note.GNU-stack
                0x0000000000000000        0x0 unittest.o
 .note.GNU-stack
                0x0000000000000000        0x0 circbuf.o
 .note.GNU-stack
                0x0000000000000000        0x0 project2.o
 .note.GNU-stack
                0x0000000000000000        0x0 /usr/lib/x86_64-linux-gnu/libc_nonshared.a(elf-init.oS)
 .note.GNU-stack
                0x0000000000000000        0x0 /usr/lib/gcc/x86_64-linux-gnu/5/crtend.o
 .note.GNU-stack
                0x0000000000000000        0x0 /usr/lib/gcc/x86_64-linux-gnu/5/../../../x86_64-linux-gnu/crtn.o

Memory Configuration

Name             Origin             Length             Attributes
*default*        0x0000000000000000 0xffffffffffffffff

Linker script and memory map

LOAD /usr/lib/gcc/x86_64-linux-gnu/5/../../../x86_64-linux-gnu/crt1.o
LOAD /usr/lib/gcc/x86_64-linux-gnu/5/../../../x86_64-linux-gnu/crti.o
LOAD /usr/lib/gcc/x86_64-linux-gnu/5/crtbegin.o
LOAD ../cmocka/lib/libcmocka.so
LOAD main.o
LOAD conversion.o
LOAD memory.o
LOAD data.o
LOAD debug.o
LOAD unittest.o
LOAD circbuf.o
LOAD project2.o
LOAD /usr/lib/gcc/x86_64-linux-gnu/5/libgcc.a
LOAD /usr/lib/gcc/x86_64-linux-gnu/5/libgcc_s.so
LOAD /usr/lib/gcc/x86_64-linux-gnu/5/../../../x86_64-linux-gnu/libc.so
START GROUP
LOAD /lib/x86_64-linux-gnu/libc.so.6
LOAD /usr/lib/x86_64-linux-gnu/libc_nonshared.a
LOAD /lib/x86_64-linux-gnu/ld-linux-x86-64.so.2
END GROUP
LOAD /usr/lib/gcc/x86_64-linux-gnu/5/libgcc.a
LOAD /usr/lib/gcc/x86_64-linux-gnu/5/libgcc_s.so
LOAD /usr/lib/gcc/x86_64-linux-gnu/5/crtend.o
LOAD /usr/lib/gcc/x86_64-linux-gnu/5/../../../x86_64-linux-gnu/crtn.o
                [!provide]                        PROVIDE (__executable_start, 0x400000)
                0x0000000000400238                . = (0x400000 + SIZEOF_HEADERS)

.interp         0x0000000000400238       0x1c
 *(.interp)
 .interp        0x0000000000400238       0x1c /usr/lib/gcc/x86_64-linux-gnu/5/../../../x86_64-linux-gnu/crt1.o

.note.ABI-tag   0x0000000000400254       0x20
 .note.ABI-tag  0x0000000000400254       0x20 /usr/lib/gcc/x86_64-linux-gnu/5/../../../x86_64-linux-gnu/crt1.o

.note.gnu.build-id
                0x0000000000400274       0x24
 *(.note.gnu.build-id)
 .note.gnu.build-id
                0x0000000000400274       0x24 /usr/lib/gcc/x86_64-linux-gnu/5/../../../x86_64-linux-gnu/crt1.o

.hash
 *(.hash)

.gnu.hash       0x0000000000400298       0x1c
 *(.gnu.hash)
 .gnu.hash      0x0000000000400298       0x1c /usr/lib/gcc/x86_64-linux-gnu/5/../../../x86_64-linux-gnu/crt1.o

.dynsym         0x00000000004002b8       0xf0
 *(.dynsym)
 .dynsym        0x00000000004002b8       0xf0 /usr/lib/gcc/x86_64-linux-gnu/5/../../../x86_64-linux-gnu/crt1.o

.dynstr         0x00000000004003a8       0x7b
 *(.dynstr)
 .dynstr        0x00000000004003a8       0x7b /usr/lib/gcc/x86_64-linux-gnu/5/../../../x86_64-linux-gnu/crt1.o

.gnu.version    0x0000000000400424       0x14
 *(.gnu.version)
 .gnu.version   0x0000000000400424       0x14 /usr/lib/gcc/x86_64-linux-gnu/5/../../../x86_64-linux-gnu/crt1.o

.gnu.version_d  0x0000000000400438        0x0
 *(.gnu.version_d)
 .gnu.version_d
                0x0000000000400438        0x0 /usr/lib/gcc/x86_64-linux-gnu/5/../../../x86_64-linux-gnu/crt1.o

.gnu.version_r  0x0000000000400438       0x30
 *(.gnu.version_r)
 .gnu.version_r
                0x0000000000400438       0x30 /usr/lib/gcc/x86_64-linux-gnu/5/../../../x86_64-linux-gnu/crt1.o

.rela.dyn       0x0000000000400468       0x18
 *(.rela.init)
 *(.rela.text .rela.text.* .rela.gnu.linkonce.t.*)
 .rela.text     0x0000000000400468        0x0 /usr/lib/gcc/x86_64-linux-gnu/5/../../../x86_64-linux-gnu/crt1.o
 *(.rela.fini)
 *(.rela.rodata .rela.rodata.* .rela.gnu.linkonce.r.*)
 *(.rela.data .rela.data.* .rela.gnu.linkonce.d.*)
 *(.rela.tdata .rela.tdata.* .rela.gnu.linkonce.td.*)
 *(.rela.tbss .rela.tbss.* .rela.gnu.linkonce.tb.*)
 *(.rela.ctors)
 *(.rela.dtors)
 *(.rela.got)
 .rela.got      0x0000000000400468       0x18 /usr/lib/gcc/x86_64-linux-gnu/5/../../../x86_64-linux-gnu/crt1.o
 *(.rela.bss .rela.bss.* .rela.gnu.linkonce.b.*)
 .rela.bss      0x0000000000400480        0x0 /usr/lib/gcc/x86_64-linux-gnu/5/../../../x86_64-linux-gnu/crt1.o
 *(.rela.ldata .rela.ldata.* .rela.gnu.linkonce.l.*)
 *(.rela.lbss .rela.lbss.* .rela.gnu.linkonce.lb.*)
 *(.rela.lrodata .rela.lrodata.* .rela.gnu.linkonce.lr.*)
 *(.rela.ifunc)

.rela.plt       0x0000000000400480       0xc0
 *(.rela.plt)
 .rela.plt      0x0000000000400480       0xc0 /usr/lib/gcc/x86_64-linux-gnu/5/../../../x86_64-linux-gnu/crt1.o
                [!provide]                        PROVIDE (__rela_iplt_start, .)
 *(.rela.iplt)
 .rela.iplt     0x0000000000400540        0x0 /usr/lib/gcc/x86_64-linux-gnu/5/../../../x86_64-linux-gnu/crt1.o
                [!provide]                        PROVIDE (__rela_iplt_end, .)

.init           0x0000000000400540       0x1a
 *(SORT(.init))
 .init          0x0000000000400540       0x15 /usr/lib/gcc/x86_64-linux-gnu/5/../../../x86_64-linux-gnu/crti.o
                0x0000000000400540                _init
 .init          0x0000000000400555        0x5 /usr/lib/gcc/x86_64-linux-gnu/5/../../../x86_64-linux-gnu/crtn.o

.plt            0x0000000000400560       0x90
 *(.plt)
 .plt           0x0000000000400560       0x90 /usr/lib/gcc/x86_64-linux-gnu/5/../../../x86_64-linux-gnu/crt1.o
                0x0000000000400570                free@@GLIBC_2.2.5
                0x0000000000400580                putchar@@GLIBC_2.2.5
                0x0000000000400590                puts@@GLIBC_2.2.5
                0x00000000004005a0                __stack_chk_fail@@GLIBC_2.4
                0x00000000004005b0                printf@@GLIBC_2.2.5
                0x00000000004005c0                __libc_start_main@@GLIBC_2.2.5
                0x00000000004005d0                getchar@@GLIBC_2.2.5
                0x00000000004005e0                malloc@@GLIBC_2.2.5
 *(.iplt)
 .iplt          0x00000000004005f0        0x0 /usr/lib/gcc/x86_64-linux-gnu/5/../../../x86_64-linux-gnu/crt1.o

.plt.got        0x00000000004005f0        0x8
 *(.plt.got)
 .plt.got       0x00000000004005f0        0x8 /usr/lib/gcc/x86_64-linux-gnu/5/../../../x86_64-linux-gnu/crt1.o

.plt.bnd
 *(.plt.bnd)

.text           0x0000000000400600     0x29e2
 *(.text.unlikely .text.*_unlikely .text.unlikely.*)
 .text.unlikely
                0x0000000000400600        0x0 /usr/lib/gcc/x86_64-linux-gnu/5/crtbegin.o
 .text.unlikely
                0x0000000000400600        0x0 /usr/lib/x86_64-linux-gnu/libc_nonshared.a(elf-init.oS)
 *(.text.exit .text.exit.*)
 *(.text.startup .text.startup.*)
 *(.text.hot .text.hot.*)
 *(.text .stub .text.* .gnu.linkonce.t.*)
 .text          0x0000000000400600       0x2a /usr/lib/gcc/x86_64-linux-gnu/5/../../../x86_64-linux-gnu/crt1.o
                0x0000000000400600                _start
 .text          0x000000000040062a        0x0 /usr/lib/gcc/x86_64-linux-gnu/5/../../../x86_64-linux-gnu/crti.o
 *fill*         0x000000000040062a        0x6 
 .text          0x0000000000400630       0xc6 /usr/lib/gcc/x86_64-linux-gnu/5/crtbegin.o
 .text          0x00000000004006f6       0x10 main.o
                0x00000000004006f6                main
 .text          0x0000000000400706      0x346 conversion.o
                0x0000000000400706                exponent
                0x000000000040074f                my_itoa
                0x0000000000400884                my_atoi
 .text          0x0000000000400a4c      0x32b memory.o
                0x0000000000400a4c                my_memmove
                0x0000000000400b2c                my_memcpy
                0x0000000000400ba4                my_memset
                0x0000000000400bfc                my_memzero
                0x0000000000400c26                my_reverse
                0x0000000000400d32                reserve_words
                0x0000000000400d58                free_words
 .text          0x0000000000400d77      0x5e8 data.o
                0x0000000000400d77                print_cstd_type_sizes
                0x0000000000400eea                print_stdint_type_sizes
                0x000000000040107b                print_pointer_sizes
                0x00000000004011ee                swap_data_endianness
                0x000000000040130c                determine_endianness
 .text          0x000000000040135f        0xe debug.o
                0x000000000040135f                print_array
 .text          0x000000000040136d      0xe7a unittest.o
                0x000000000040136d                memory_test
                0x0000000000401ab8                conversion_test
                0x0000000000401d02                data_test
                0x0000000000401ee3                circbuf_test
                0x0000000000402179                unittest
 .text          0x00000000004021e7      0x46a circbuf.o
                0x00000000004021e7                CB_init
                0x00000000004022f0                CB_destroy
                0x0000000000402348                CB_buffer_add_item
                0x0000000000402469                CB_buffer_remove_item
                0x0000000000402573                CB_is_full
                0x00000000004025a9                CB_is_empty
                0x00000000004025dc                CB_peek
 .text          0x0000000000402651      0x913 project2.o
                0x0000000000402651                project2
                0x000000000040293d                dump_statistics
 *fill*         0x0000000000402f64        0xc 
 .text          0x0000000000402f70       0x72 /usr/lib/x86_64-linux-gnu/libc_nonshared.a(elf-init.oS)
                0x0000000000402f70                __libc_csu_init
                0x0000000000402fe0                __libc_csu_fini
 .text          0x0000000000402fe2        0x0 /usr/lib/gcc/x86_64-linux-gnu/5/crtend.o
 .text          0x0000000000402fe2        0x0 /usr/lib/gcc/x86_64-linux-gnu/5/../../../x86_64-linux-gnu/crtn.o
 *(.gnu.warning)

.fini           0x0000000000402fe4        0x9
 *(SORT(.fini))
 .fini          0x0000000000402fe4        0x4 /usr/lib/gcc/x86_64-linux-gnu/5/../../../x86_64-linux-gnu/crti.o
                0x0000000000402fe4                _fini
 .fini          0x0000000000402fe8        0x5 /usr/lib/gcc/x86_64-linux-gnu/5/../../../x86_64-linux-gnu/crtn.o
                [!provide]                        PROVIDE (__etext, .)
                [!provide]                        PROVIDE (_etext, .)
                [!provide]                        PROVIDE (etext, .)

.rodata         0x0000000000403000      0x450
 *(.rodata .rodata.* .gnu.linkonce.r.*)
 .rodata.cst4   0x0000000000403000        0x4 /usr/lib/gcc/x86_64-linux-gnu/5/../../../x86_64-linux-gnu/crt1.o
                0x0000000000403000                _IO_stdin_used
 .rodata        0x0000000000403004      0x309 data.o
 *fill*         0x000000000040330d       0x13 
 .rodata        0x0000000000403320      0x100 unittest.o
 .rodata        0x0000000000403420       0x30 project2.o

.rodata1
 *(.rodata1)

.eh_frame_hdr   0x0000000000403450      0x124
 *(.eh_frame_hdr)
 .eh_frame_hdr  0x0000000000403450      0x124 /usr/lib/gcc/x86_64-linux-gnu/5/../../../x86_64-linux-gnu/crt1.o
                0x0000000000403450                __GNU_EH_FRAME_HDR
 *(.eh_frame_entry .eh_frame_entry.*)

.eh_frame       0x0000000000403578      0x4d4
 *(.eh_frame)
 .eh_frame      0x0000000000403578       0x30 /usr/lib/gcc/x86_64-linux-gnu/5/../../../x86_64-linux-gnu/crt1.o
 .eh_frame      0x00000000004035a8       0x40 /usr/lib/gcc/x86_64-linux-gnu/5/../../../x86_64-linux-gnu/crt1.o
 .eh_frame      0x00000000004035e8       0x20 main.o
                                         0x38 (size before relaxing)
 .eh_frame      0x0000000000403608       0x68 conversion.o
                                         0x80 (size before relaxing)
 .eh_frame      0x0000000000403670       0xf0 memory.o
                                        0x100 (size before relaxing)
 .eh_frame      0x0000000000403760       0xa8 data.o
                                         0xc0 (size before relaxing)
 .eh_frame      0x0000000000403808       0x20 debug.o
                                         0x38 (size before relaxing)
 .eh_frame      0x0000000000403828       0xa0 unittest.o
                                         0xb8 (size before relaxing)
 .eh_frame      0x00000000004038c8       0xe0 circbuf.o
                                         0xf8 (size before relaxing)
 .eh_frame      0x00000000004039a8       0x40 project2.o
                                         0x58 (size before relaxing)
 .eh_frame      0x00000000004039e8       0x60 /usr/lib/x86_64-linux-gnu/libc_nonshared.a(elf-init.oS)
                                         0x78 (size before relaxing)
 .eh_frame      0x0000000000403a48        0x4 /usr/lib/gcc/x86_64-linux-gnu/5/crtend.o
 *(.eh_frame.*)

.gcc_except_table
 *(.gcc_except_table .gcc_except_table.*)

.gnu_extab
 *(.gnu_extab*)

.exception_ranges
 *(.exception_ranges .exception_ranges*)
                0x0000000000603e10                . = DATA_SEGMENT_ALIGN (0x200000, 0x1000)

.eh_frame
 *(.eh_frame)
 *(.eh_frame.*)

.gnu_extab
 *(.gnu_extab)

.gcc_except_table
 *(.gcc_except_table .gcc_except_table.*)

.exception_ranges
 *(.exception_ranges .exception_ranges*)

.tdata
 *(.tdata .tdata.* .gnu.linkonce.td.*)

.tbss
 *(.tbss .tbss.* .gnu.linkonce.tb.*)
 *(.tcommon)

.preinit_array  0x0000000000603e10        0x0
                [!provide]                        PROVIDE (__preinit_array_start, .)
 *(.preinit_array)
                [!provide]                        PROVIDE (__preinit_array_end, .)

.init_array     0x0000000000603e10        0x8
                0x0000000000603e10                PROVIDE (__init_array_start, .)
 *(SORT(.init_array.*) SORT(.ctors.*))
 *(.init_array EXCLUDE_FILE(*crtend?.o *crtend.o *crtbegin?.o *crtbegin.o) .ctors)
 .init_array    0x0000000000603e10        0x8 /usr/lib/gcc/x86_64-linux-gnu/5/crtbegin.o
                0x0000000000603e18                PROVIDE (__init_array_end, .)

.fini_array     0x0000000000603e18        0x8
                [!provide]                        PROVIDE (__fini_array_start, .)
 *(SORT(.fini_array.*) SORT(.dtors.*))
 *(.fini_array EXCLUDE_FILE(*crtend?.o *crtend.o *crtbegin?.o *crtbegin.o) .dtors)
 .fini_array    0x0000000000603e18        0x8 /usr/lib/gcc/x86_64-linux-gnu/5/crtbegin.o
                [!provide]                        PROVIDE (__fini_array_end, .)

.ctors
 *crtbegin.o(.ctors)
 *crtbegin?.o(.ctors)
 *(EXCLUDE_FILE(*crtend?.o *crtend.o) .ctors)
 *(SORT(.ctors.*))
 *(.ctors)

.dtors
 *crtbegin.o(.dtors)
 *crtbegin?.o(.dtors)
 *(EXCLUDE_FILE(*crtend?.o *crtend.o) .dtors)
 *(SORT(.dtors.*))
 *(.dtors)

.jcr            0x0000000000603e20        0x8
 *(.jcr)
 .jcr           0x0000000000603e20        0x0 /usr/lib/gcc/x86_64-linux-gnu/5/crtbegin.o
 .jcr           0x0000000000603e20        0x8 /usr/lib/gcc/x86_64-linux-gnu/5/crtend.o

.data.rel.ro
 *(.data.rel.ro.local* .gnu.linkonce.d.rel.ro.local.*)
 *(.data.rel.ro .data.rel.ro.* .gnu.linkonce.d.rel.ro.*)

.dynamic        0x0000000000603e28      0x1d0
 *(.dynamic)
 .dynamic       0x0000000000603e28      0x1d0 /usr/lib/gcc/x86_64-linux-gnu/5/../../../x86_64-linux-gnu/crt1.o
                0x0000000000603e28                _DYNAMIC

.got            0x0000000000603ff8        0x8
 *(.got)
 .got           0x0000000000603ff8        0x8 /usr/lib/gcc/x86_64-linux-gnu/5/../../../x86_64-linux-gnu/crt1.o
 *(.igot)
                0x0000000000604fe8                . = DATA_SEGMENT_RELRO_END (., (SIZEOF (.got.plt) >= 0x18)?0x18:0x0)

.got.plt        0x0000000000604000       0x58
 *(.got.plt)
 .got.plt       0x0000000000604000       0x58 /usr/lib/gcc/x86_64-linux-gnu/5/../../../x86_64-linux-gnu/crt1.o
                0x0000000000604000                _GLOBAL_OFFSET_TABLE_
 *(.igot.plt)
 .igot.plt      0x0000000000604058        0x0 /usr/lib/gcc/x86_64-linux-gnu/5/../../../x86_64-linux-gnu/crt1.o

.data           0x0000000000604058       0x10
 *(.data .data.* .gnu.linkonce.d.*)
 .data          0x0000000000604058        0x4 /usr/lib/gcc/x86_64-linux-gnu/5/../../../x86_64-linux-gnu/crt1.o
                0x0000000000604058                data_start
                0x0000000000604058                __data_start
 .data          0x000000000060405c        0x0 /usr/lib/gcc/x86_64-linux-gnu/5/../../../x86_64-linux-gnu/crti.o
 *fill*         0x000000000060405c        0x4 
 .data          0x0000000000604060        0x8 /usr/lib/gcc/x86_64-linux-gnu/5/crtbegin.o
                0x0000000000604060                __dso_handle
 .data          0x0000000000604068        0x0 main.o
 .data          0x0000000000604068        0x0 conversion.o
 .data          0x0000000000604068        0x0 memory.o
 .data          0x0000000000604068        0x0 data.o
 .data          0x0000000000604068        0x0 debug.o
 .data          0x0000000000604068        0x0 unittest.o
 .data          0x0000000000604068        0x0 circbuf.o
 .data          0x0000000000604068        0x0 project2.o
 .data          0x0000000000604068        0x0 /usr/lib/x86_64-linux-gnu/libc_nonshared.a(elf-init.oS)
 .data          0x0000000000604068        0x0 /usr/lib/gcc/x86_64-linux-gnu/5/crtend.o
 .data          0x0000000000604068        0x0 /usr/lib/gcc/x86_64-linux-gnu/5/../../../x86_64-linux-gnu/crtn.o

.tm_clone_table
                0x0000000000604068        0x0
 .tm_clone_table
                0x0000000000604068        0x0 /usr/lib/gcc/x86_64-linux-gnu/5/crtbegin.o
 .tm_clone_table
                0x0000000000604068        0x0 /usr/lib/gcc/x86_64-linux-gnu/5/crtend.o

.data1
 *(.data1)
                0x0000000000604068                _edata = .
                [!provide]                        PROVIDE (edata, .)
                0x0000000000604068                . = .
                0x0000000000604068                __bss_start = .

.bss            0x0000000000604070       0x30
 *(.dynbss)
 .dynbss        0x0000000000604070        0x0 /usr/lib/gcc/x86_64-linux-gnu/5/../../../x86_64-linux-gnu/crt1.o
 *(.bss .bss.* .gnu.linkonce.b.*)
 .bss           0x0000000000604070        0x0 /usr/lib/gcc/x86_64-linux-gnu/5/../../../x86_64-linux-gnu/crt1.o
 .bss           0x0000000000604070        0x0 /usr/lib/gcc/x86_64-linux-gnu/5/../../../x86_64-linux-gnu/crti.o
 .bss           0x0000000000604070        0x1 /usr/lib/gcc/x86_64-linux-gnu/5/crtbegin.o
 .bss           0x0000000000604071        0x0 main.o
 .bss           0x0000000000604071        0x0 conversion.o
 .bss           0x0000000000604071        0x0 memory.o
 .bss           0x0000000000604071        0x0 data.o
 .bss           0x0000000000604071        0x0 debug.o
 .bss           0x0000000000604071        0x0 unittest.o
 .bss           0x0000000000604071        0x0 circbuf.o
 .bss           0x0000000000604071        0x0 project2.o
 .bss           0x0000000000604071        0x0 /usr/lib/x86_64-linux-gnu/libc_nonshared.a(elf-init.oS)
 .bss           0x0000000000604071        0x0 /usr/lib/gcc/x86_64-linux-gnu/5/crtend.o
 .bss           0x0000000000604071        0x0 /usr/lib/gcc/x86_64-linux-gnu/5/../../../x86_64-linux-gnu/crtn.o
 *(COMMON)
 *fill*         0x0000000000604071        0xf 
 COMMON         0x0000000000604080       0x20 main.o
                0x0000000000604080                statistics
                0x0000000000604090                transmit_buffer
                0x0000000000604098                recieve_buffer
                0x00000000006040a0                . = ALIGN ((. != 0x0)?0x8:0x1)

.lbss
 *(.dynlbss)
 *(.lbss .lbss.* .gnu.linkonce.lb.*)
 *(LARGE_COMMON)
                0x00000000006040a0                . = ALIGN (0x8)
                0x00000000006040a0                . = SEGMENT_START ("ldata-segment", .)

.lrodata
 *(.lrodata .lrodata.* .gnu.linkonce.lr.*)

.ldata          0x0000000000a040a0        0x0
 *(.ldata .ldata.* .gnu.linkonce.l.*)
                0x0000000000a040a0                . = ALIGN ((. != 0x0)?0x8:0x1)
                0x0000000000a040a0                . = ALIGN (0x8)
                0x0000000000a040a0                _end = .
                [!provide]                        PROVIDE (end, .)
                0x0000000000a040a0                . = DATA_SEGMENT_END (.)

.stab
 *(.stab)

.stabstr
 *(.stabstr)

.stab.excl
 *(.stab.excl)

.stab.exclstr
 *(.stab.exclstr)

.stab.index
 *(.stab.index)

.stab.indexstr
 *(.stab.indexstr)

.comment        0x0000000000000000       0x34
 *(.comment)
 .comment       0x0000000000000000       0x34 /usr/lib/gcc/x86_64-linux-gnu/5/crtbegin.o
                                         0x35 (size before relaxing)
 .comment       0x0000000000000034       0x35 main.o
 .comment       0x0000000000000034       0x35 conversion.o
 .comment       0x0000000000000034       0x35 memory.o
 .comment       0x0000000000000034       0x35 data.o
 .comment       0x0000000000000034       0x35 debug.o
 .comment       0x0000000000000034       0x35 unittest.o
 .comment       0x0000000000000034       0x35 circbuf.o
 .comment       0x0000000000000034       0x35 project2.o
 .comment       0x0000000000000034       0x35 /usr/lib/gcc/x86_64-linux-gnu/5/crtend.o

.debug
 *(.debug)

.line
 *(.line)

.debug_srcinfo
 *(.debug_srcinfo)

.debug_sfnames
 *(.debug_sfnames)

.debug_aranges  0x0000000000000000      0x180
 *(.debug_aranges)
 .debug_aranges
                0x0000000000000000       0x30 main.o
 .debug_aranges
                0x0000000000000030       0x30 conversion.o
 .debug_aranges
                0x0000000000000060       0x30 memory.o
 .debug_aranges
                0x0000000000000090       0x30 data.o
 .debug_aranges
                0x00000000000000c0       0x30 debug.o
 .debug_aranges
                0x00000000000000f0       0x30 unittest.o
 .debug_aranges
                0x0000000000000120       0x30 circbuf.o
 .debug_aranges
                0x0000000000000150       0x30 project2.o

.debug_pubnames
 *(.debug_pubnames)

.debug_info     0x0000000000000000     0x1723
 *(.debug_info .gnu.linkonce.wi.*)
 .debug_info    0x0000000000000000      0x1d5 main.o
 .debug_info    0x00000000000001d5      0x1e2 conversion.o
 .debug_info    0x00000000000003b7      0x2e6 memory.o
 .debug_info    0x000000000000069d      0x1d2 data.o
 .debug_info    0x000000000000086f       0xb7 debug.o
 .debug_info    0x0000000000000926      0x731 unittest.o
 .debug_info    0x0000000000001057      0x33d circbuf.o
 .debug_info    0x0000000000001394      0x38f project2.o

.debug_abbrev   0x0000000000000000      0x71d
 *(.debug_abbrev)
 .debug_abbrev  0x0000000000000000       0xa3 main.o
 .debug_abbrev  0x00000000000000a3       0xce conversion.o
 .debug_abbrev  0x0000000000000171       0xe7 memory.o
 .debug_abbrev  0x0000000000000258       0xcb data.o
 .debug_abbrev  0x0000000000000323       0x65 debug.o
 .debug_abbrev  0x0000000000000388      0x192 unittest.o
 .debug_abbrev  0x000000000000051a      0x109 circbuf.o
 .debug_abbrev  0x0000000000000623       0xfa project2.o

.debug_line     0x0000000000000000      0xb2a
 *(.debug_line .debug_line.* .debug_line_end)
 .debug_line    0x0000000000000000       0xb8 main.o
 .debug_line    0x00000000000000b8      0x105 conversion.o
 .debug_line    0x00000000000001bd      0x100 memory.o
 .debug_line    0x00000000000002bd      0x133 data.o
 .debug_line    0x00000000000003f0       0x58 debug.o
 .debug_line    0x0000000000000448      0x31c unittest.o
 .debug_line    0x0000000000000764      0x126 circbuf.o
 .debug_line    0x000000000000088a      0x2a0 project2.o

.debug_frame
 *(.debug_frame)

.debug_str      0x0000000000000000      0x5bf
 *(.debug_str)
 .debug_str     0x0000000000000000      0x187 main.o
                                        0x1e1 (size before relaxing)
 .debug_str     0x0000000000000187       0x50 conversion.o
                                        0x168 (size before relaxing)
 .debug_str     0x00000000000001d7       0x7f memory.o
                                        0x190 (size before relaxing)
 .debug_str     0x0000000000000256       0x84 data.o
                                        0x1a3 (size before relaxing)
 .debug_str     0x00000000000002da       0x1a debug.o
                                        0x11f (size before relaxing)
 .debug_str     0x00000000000002f4      0x17d unittest.o
                                        0x324 (size before relaxing)
 .debug_str     0x0000000000000471       0x91 circbuf.o
                                        0x276 (size before relaxing)
 .debug_str     0x0000000000000502       0xbd project2.o
                                        0x315 (size before relaxing)

.debug_loc
 *(.debug_loc)

.debug_macinfo
 *(.debug_macinfo)

.debug_weaknames
 *(.debug_weaknames)

.debug_funcnames
 *(.debug_funcnames)

.debug_typenames
 *(.debug_typenames)

.debug_varnames
 *(.debug_varnames)

.debug_pubtypes
 *(.debug_pubtypes)

.debug_ranges
 *(.debug_ranges)

.debug_macro
 *(.debug_macro)

.gnu.attributes
 *(.gnu.attributes)

/DISCARD/
 *(.note.GNU-stack)
 *(.gnu_debuglink)
 *(.gnu.lto_*)
OUTPUT(project2.elf elf64-x86-64)
